cd ./build/cudalator && ninja
ninja: no work to do.
./build/cudalator/cudalator-compiler ./data/rtl/adder.sv
[warning] FIXME: ONLY COMPILING THE FIRST SOURCE
module_inst: work@adder (work@adder), file:/home/daem/polito/cudalator/data/rtl/adder.sv, line:1:1, endln:18:18
|vpiName:work@adder
|vpiVariables:
\_logic_var: (work@adder.full_sum), line:9:17, endln:9:25
  |vpiParent:
  \_module_inst: work@adder (work@adder), file:/home/daem/polito/cudalator/data/rtl/adder.sv, line:1:1, endln:18:18
  |vpiTypespec:
  \_ref_typespec: (work@adder.full_sum)
    |vpiParent:
    \_logic_var: (work@adder.full_sum), line:9:17, endln:9:25
    |vpiFullName:work@adder.full_sum
    |vpiActual:
    \_logic_typespec: , line:9:5, endln:9:16
  |vpiName:full_sum
  |vpiFullName:work@adder.full_sum
  |vpiVisibility:1
|vpiDefName:work@adder
|vpiTop:1
|vpiNet:
\_logic_net: (work@adder.a), line:2:23, endln:2:24
  |vpiParent:
  \_module_inst: work@adder (work@adder), file:/home/daem/polito/cudalator/data/rtl/adder.sv, line:1:1, endln:18:18
  |vpiTypespec:
  \_ref_typespec: (work@adder.a)
    |vpiParent:
    \_logic_net: (work@adder.a), line:2:23, endln:2:24
    |vpiFullName:work@adder.a
    |vpiActual:
    \_logic_typespec: , line:2:11, endln:2:22
  |vpiName:a
  |vpiFullName:work@adder.a
  |vpiNetType:36
|vpiNet:
\_logic_net: (work@adder.b), line:3:23, endln:3:24
  |vpiParent:
  \_module_inst: work@adder (work@adder), file:/home/daem/polito/cudalator/data/rtl/adder.sv, line:1:1, endln:18:18
  |vpiTypespec:
  \_ref_typespec: (work@adder.b)
    |vpiParent:
    \_logic_net: (work@adder.b), line:3:23, endln:3:24
    |vpiFullName:work@adder.b
    |vpiActual:
    \_logic_typespec: , line:3:11, endln:3:22
  |vpiName:b
  |vpiFullName:work@adder.b
  |vpiNetType:36
|vpiNet:
\_logic_net: (work@adder.c), line:4:24, endln:4:25
  |vpiParent:
  \_module_inst: work@adder (work@adder), file:/home/daem/polito/cudalator/data/rtl/adder.sv, line:1:1, endln:18:18
  |vpiTypespec:
  \_ref_typespec: (work@adder.c)
    |vpiParent:
    \_logic_net: (work@adder.c), line:4:24, endln:4:25
    |vpiFullName:work@adder.c
    |vpiActual:
    \_logic_typespec: , line:4:12, endln:4:23
  |vpiName:c
  |vpiFullName:work@adder.c
  |vpiNetType:36
|vpiNet:
\_logic_net: (work@adder.cout), line:5:18, endln:5:22
  |vpiParent:
  \_module_inst: work@adder (work@adder), file:/home/daem/polito/cudalator/data/rtl/adder.sv, line:1:1, endln:18:18
  |vpiTypespec:
  \_ref_typespec: (work@adder.cout)
    |vpiParent:
    \_logic_net: (work@adder.cout), line:5:18, endln:5:22
    |vpiFullName:work@adder.cout
    |vpiActual:
    \_logic_typespec: , line:5:12, endln:5:17
  |vpiName:cout
  |vpiFullName:work@adder.cout
  |vpiNetType:36
|vpiNet:
\_logic_net: (work@adder.test), line:7:32, endln:7:36
  |vpiParent:
  \_module_inst: work@adder (work@adder), file:/home/daem/polito/cudalator/data/rtl/adder.sv, line:1:1, endln:18:18
  |vpiTypespec:
  \_ref_typespec: (work@adder.test)
    |vpiParent:
    \_logic_net: (work@adder.test), line:7:32, endln:7:36
    |vpiFullName:work@adder.test
    |vpiActual:
    \_logic_typespec: , line:7:12, endln:7:31
  |vpiName:test
  |vpiFullName:work@adder.test
  |vpiNetType:36
|vpiTopModule:1
|vpiPort:
\_port: (a), line:2:23, endln:2:24
  |vpiParent:
  \_module_inst: work@adder (work@adder), file:/home/daem/polito/cudalator/data/rtl/adder.sv, line:1:1, endln:18:18
  |vpiName:a
  |vpiDirection:1
  |vpiLowConn:
  \_ref_obj: (work@adder.a), line:2:23, endln:2:24
    |vpiParent:
    \_port: (a), line:2:23, endln:2:24
    |vpiName:a
    |vpiFullName:work@adder.a
    |vpiActual:
    \_logic_net: (work@adder.a), line:2:23, endln:2:24
  |vpiTypedef:
  \_ref_typespec: (work@adder.a)
    |vpiParent:
    \_port: (a), line:2:23, endln:2:24
    |vpiFullName:work@adder.a
    |vpiActual:
    \_logic_typespec: , line:2:11, endln:2:22
  |vpiInstance:
  \_module_inst: work@adder (work@adder), file:/home/daem/polito/cudalator/data/rtl/adder.sv, line:1:1, endln:18:18
|vpiPort:
\_port: (b), line:3:23, endln:3:24
  |vpiParent:
  \_module_inst: work@adder (work@adder), file:/home/daem/polito/cudalator/data/rtl/adder.sv, line:1:1, endln:18:18
  |vpiName:b
  |vpiDirection:1
  |vpiLowConn:
  \_ref_obj: (work@adder.b), line:3:23, endln:3:24
    |vpiParent:
    \_port: (b), line:3:23, endln:3:24
    |vpiName:b
    |vpiFullName:work@adder.b
    |vpiActual:
    \_logic_net: (work@adder.b), line:3:23, endln:3:24
  |vpiTypedef:
  \_ref_typespec: (work@adder.b)
    |vpiParent:
    \_port: (b), line:3:23, endln:3:24
    |vpiFullName:work@adder.b
    |vpiActual:
    \_logic_typespec: , line:3:11, endln:3:22
  |vpiInstance:
  \_module_inst: work@adder (work@adder), file:/home/daem/polito/cudalator/data/rtl/adder.sv, line:1:1, endln:18:18
|vpiPort:
\_port: (c), line:4:24, endln:4:25
  |vpiParent:
  \_module_inst: work@adder (work@adder), file:/home/daem/polito/cudalator/data/rtl/adder.sv, line:1:1, endln:18:18
  |vpiName:c
  |vpiDirection:2
  |vpiLowConn:
  \_ref_obj: (work@adder.c), line:4:24, endln:4:25
    |vpiParent:
    \_port: (c), line:4:24, endln:4:25
    |vpiName:c
    |vpiFullName:work@adder.c
    |vpiActual:
    \_logic_net: (work@adder.c), line:4:24, endln:4:25
  |vpiTypedef:
  \_ref_typespec: (work@adder.c)
    |vpiParent:
    \_port: (c), line:4:24, endln:4:25
    |vpiFullName:work@adder.c
    |vpiActual:
    \_logic_typespec: , line:4:12, endln:4:23
  |vpiInstance:
  \_module_inst: work@adder (work@adder), file:/home/daem/polito/cudalator/data/rtl/adder.sv, line:1:1, endln:18:18
|vpiPort:
\_port: (cout), line:5:18, endln:5:22
  |vpiParent:
  \_module_inst: work@adder (work@adder), file:/home/daem/polito/cudalator/data/rtl/adder.sv, line:1:1, endln:18:18
  |vpiName:cout
  |vpiDirection:2
  |vpiLowConn:
  \_ref_obj: (work@adder.cout), line:5:18, endln:5:22
    |vpiParent:
    \_port: (cout), line:5:18, endln:5:22
    |vpiName:cout
    |vpiFullName:work@adder.cout
    |vpiActual:
    \_logic_net: (work@adder.cout), line:5:18, endln:5:22
  |vpiTypedef:
  \_ref_typespec: (work@adder.cout)
    |vpiParent:
    \_port: (cout), line:5:18, endln:5:22
    |vpiFullName:work@adder.cout
    |vpiActual:
    \_logic_typespec: , line:5:12, endln:5:17
  |vpiInstance:
  \_module_inst: work@adder (work@adder), file:/home/daem/polito/cudalator/data/rtl/adder.sv, line:1:1, endln:18:18
|vpiPort:
\_port: (test), line:7:32, endln:7:36
  |vpiParent:
  \_module_inst: work@adder (work@adder), file:/home/daem/polito/cudalator/data/rtl/adder.sv, line:1:1, endln:18:18
  |vpiName:test
  |vpiDirection:2
  |vpiLowConn:
  \_ref_obj: (work@adder.test), line:7:32, endln:7:36
    |vpiParent:
    \_port: (test), line:7:32, endln:7:36
    |vpiName:test
    |vpiFullName:work@adder.test
    |vpiActual:
    \_logic_net: (work@adder.test), line:7:32, endln:7:36
  |vpiTypedef:
  \_ref_typespec: (work@adder.test)
    |vpiParent:
    \_port: (test), line:7:32, endln:7:36
    |vpiFullName:work@adder.test
    |vpiActual:
    \_logic_typespec: , line:7:12, endln:7:31
  |vpiInstance:
  \_module_inst: work@adder (work@adder), file:/home/daem/polito/cudalator/data/rtl/adder.sv, line:1:1, endln:18:18
|vpiProcess:
\_always: , line:11:5, endln:13:8
  |vpiParent:
  \_module_inst: work@adder (work@adder), file:/home/daem/polito/cudalator/data/rtl/adder.sv, line:1:1, endln:18:18
  |vpiStmt:
  \_begin: (work@adder), line:11:17, endln:13:8
    |vpiParent:
    \_always: , line:11:5, endln:13:8
    |vpiFullName:work@adder
    |vpiStmt:
    \_assignment: , line:12:9, endln:12:25
      |vpiParent:
      \_begin: (work@adder), line:11:17, endln:13:8
      |vpiOpType:82
      |vpiBlocking:1
      |vpiRhs:
      \_operation: , line:12:20, endln:12:25
        |vpiParent:
        \_assignment: , line:12:9, endln:12:25
        |vpiOpType:24
        |vpiOperand:
        \_ref_obj: (work@adder.a), line:12:20, endln:12:21
          |vpiParent:
          \_operation: , line:12:20, endln:12:25
          |vpiName:a
          |vpiFullName:work@adder.a
          |vpiActual:
          \_logic_net: (work@adder.a), line:2:23, endln:2:24
        |vpiOperand:
        \_ref_obj: (work@adder.b), line:12:24, endln:12:25
          |vpiParent:
          \_operation: , line:12:20, endln:12:25
          |vpiName:b
          |vpiFullName:work@adder.b
          |vpiActual:
          \_logic_net: (work@adder.b), line:3:23, endln:3:24
      |vpiLhs:
      \_ref_obj: (work@adder.full_sum), line:12:9, endln:12:17
        |vpiParent:
        \_assignment: , line:12:9, endln:12:25
        |vpiName:full_sum
        |vpiFullName:work@adder.full_sum
        |vpiActual:
        \_logic_var: (work@adder.full_sum), line:9:17, endln:9:25
  |vpiAlwaysType:2
|vpiContAssign:
\_cont_assign: , line:15:12, endln:15:29
  |vpiParent:
  \_module_inst: work@adder (work@adder), file:/home/daem/polito/cudalator/data/rtl/adder.sv, line:1:1, endln:18:18
  |vpiRhs:
  \_part_select: full_sum (work@adder.full_sum), line:15:16, endln:15:29
    |vpiParent:
    \_cont_assign: , line:15:12, endln:15:29
    |vpiName:full_sum
    |vpiFullName:work@adder.full_sum
    |vpiDefName:full_sum
    |vpiActual:
    \_logic_var: (work@adder.full_sum), line:9:17, endln:9:25
    |vpiConstantSelect:1
    |vpiLeftRange:
    \_constant: , line:15:25, endln:15:26
      |vpiDecompile:7
      |vpiSize:64
      |UINT:7
      |vpiConstType:9
    |vpiRightRange:
    \_constant: , line:15:27, endln:15:28
      |vpiDecompile:0
      |vpiSize:64
      |UINT:0
      |vpiConstType:9
  |vpiLhs:
  \_ref_obj: (work@adder.c), line:15:12, endln:15:13
    |vpiParent:
    \_cont_assign: , line:15:12, endln:15:29
    |vpiName:c
    |vpiFullName:work@adder.c
    |vpiActual:
    \_logic_net: (work@adder.c), line:4:24, endln:4:25
|vpiContAssign:
\_cont_assign: , line:16:12, endln:16:30
  |vpiParent:
  \_module_inst: work@adder (work@adder), file:/home/daem/polito/cudalator/data/rtl/adder.sv, line:1:1, endln:18:18
  |vpiRhs:
  \_bit_select: (work@adder.full_sum), line:16:28, endln:16:29
    |vpiParent:
    \_cont_assign: , line:16:12, endln:16:30
    |vpiName:full_sum
    |vpiFullName:work@adder.full_sum
    |vpiActual:
    \_logic_var: (work@adder.full_sum), line:9:17, endln:9:25
    |vpiIndex:
    \_constant: , line:16:28, endln:16:29
      |vpiParent:
      \_bit_select: (work@adder.full_sum), line:16:28, endln:16:29
      |vpiDecompile:8
      |vpiSize:64
      |UINT:8
      |vpiConstType:9
  |vpiLhs:
  \_ref_obj: (work@adder.cout), line:16:12, endln:16:16
    |vpiParent:
    \_cont_assign: , line:16:12, endln:16:30
    |vpiName:cout
    |vpiFullName:work@adder.cout
    |vpiActual:
    \_logic_net: (work@adder.cout), line:5:18, endln:5:22
\_weaklyReferenced:
\_bit_select: (work@adder.full_sum), line:16:28, endln:16:29
  |vpiParent:
  \_cont_assign: , line:16:12, endln:16:30
  |vpiName:full_sum
  |vpiFullName:work@adder.full_sum
  |vpiIndex:
  \_constant: , line:16:28, endln:16:29
\_cont_assign: , line:16:12, endln:16:30
  |vpiParent:
  \_module_inst: work@adder (work@adder), file:/home/daem/polito/cudalator/data/rtl/adder.sv, line:1:1, endln:18:18
  |vpiRhs:
  \_bit_select: (work@adder.full_sum), line:16:28, endln:16:29
  |vpiLhs:
  \_ref_obj: (work@adder.cout), line:16:12, endln:16:16
    |vpiParent:
    \_cont_assign: , line:16:12, endln:16:30
    |vpiName:cout
    |vpiFullName:work@adder.cout
    |vpiActual:
    \_logic_net: (work@adder.cout), line:5:18, endln:5:22
\_logic_typespec: , line:2:11, endln:2:22
  |vpiRange:
  \_range: , line:2:17, endln:2:22
    |vpiParent:
    \_logic_typespec: , line:2:11, endln:2:22
    |vpiLeftRange:
    \_constant: , line:2:18, endln:2:19
      |vpiParent:
      \_range: , line:2:17, endln:2:22
      |vpiDecompile:7
      |vpiSize:64
      |UINT:7
      |vpiConstType:9
    |vpiRightRange:
    \_constant: , line:2:20, endln:2:21
      |vpiParent:
      \_range: , line:2:17, endln:2:22
      |vpiDecompile:0
      |vpiSize:64
      |UINT:0
      |vpiConstType:9
\_logic_typespec: , line:3:11, endln:3:22
  |vpiRange:
  \_range: , line:3:17, endln:3:22
    |vpiParent:
    \_logic_typespec: , line:3:11, endln:3:22
    |vpiLeftRange:
    \_constant: , line:3:18, endln:3:19
      |vpiParent:
      \_range: , line:3:17, endln:3:22
      |vpiDecompile:7
      |vpiSize:64
      |UINT:7
      |vpiConstType:9
    |vpiRightRange:
    \_constant: , line:3:20, endln:3:21
      |vpiParent:
      \_range: , line:3:17, endln:3:22
      |vpiDecompile:0
      |vpiSize:64
      |UINT:0
      |vpiConstType:9
\_logic_typespec: , line:4:12, endln:4:23
  |vpiRange:
  \_range: , line:4:18, endln:4:23
    |vpiParent:
    \_logic_typespec: , line:4:12, endln:4:23
    |vpiLeftRange:
    \_constant: , line:4:19, endln:4:20
      |vpiParent:
      \_range: , line:4:18, endln:4:23
      |vpiDecompile:7
      |vpiSize:64
      |UINT:7
      |vpiConstType:9
    |vpiRightRange:
    \_constant: , line:4:21, endln:4:22
      |vpiParent:
      \_range: , line:4:18, endln:4:23
      |vpiDecompile:0
      |vpiSize:64
      |UINT:0
      |vpiConstType:9
\_logic_typespec: , line:5:12, endln:5:17
\_logic_typespec: , line:7:12, endln:7:31
  |vpiRange:
  \_range: , line:7:18, endln:7:24
    |vpiParent:
    \_logic_typespec: , line:7:12, endln:7:31
    |vpiLeftRange:
    \_constant: , line:7:19, endln:7:21
      |vpiParent:
      \_range: , line:7:18, endln:7:24
      |vpiDecompile:10
      |vpiSize:64
      |UINT:10
      |vpiConstType:9
    |vpiRightRange:
    \_constant: , line:7:22, endln:7:23
      |vpiParent:
      \_range: , line:7:18, endln:7:24
      |vpiDecompile:0
      |vpiSize:64
      |UINT:0
      |vpiConstType:9
  |vpiRange:
  \_range: , line:7:25, endln:7:31
    |vpiParent:
    \_logic_typespec: , line:7:12, endln:7:31
    |vpiLeftRange:
    \_constant: , line:7:26, endln:7:27
      |vpiParent:
      \_range: , line:7:25, endln:7:31
      |vpiDecompile:0
      |vpiSize:64
      |UINT:0
      |vpiConstType:9
    |vpiRightRange:
    \_constant: , line:7:28, endln:7:30
      |vpiParent:
      \_range: , line:7:25, endln:7:31
      |vpiDecompile:15
      |vpiSize:64
      |UINT:15
      |vpiConstType:9
\_logic_typespec: , line:2:11, endln:2:22
  |vpiParent:
  \_logic_net: (work@adder.a), line:2:23, endln:2:24
  |vpiRange:
  \_range: , line:2:17, endln:2:22
    |vpiParent:
    \_logic_typespec: , line:2:11, endln:2:22
    |vpiLeftRange:
    \_constant: , line:2:18, endln:2:19
      |vpiParent:
      \_range: , line:2:17, endln:2:22
      |vpiDecompile:7
      |vpiSize:64
      |UINT:7
      |vpiConstType:9
    |vpiRightRange:
    \_constant: , line:2:20, endln:2:21
      |vpiParent:
      \_range: , line:2:17, endln:2:22
      |vpiDecompile:0
      |vpiSize:64
      |UINT:0
      |vpiConstType:9
\_logic_typespec: , line:3:11, endln:3:22
  |vpiParent:
  \_logic_net: (work@adder.b), line:3:23, endln:3:24
  |vpiRange:
  \_range: , line:3:17, endln:3:22
    |vpiParent:
    \_logic_typespec: , line:3:11, endln:3:22
    |vpiLeftRange:
    \_constant: , line:3:18, endln:3:19
      |vpiParent:
      \_range: , line:3:17, endln:3:22
      |vpiDecompile:7
      |vpiSize:64
      |UINT:7
      |vpiConstType:9
    |vpiRightRange:
    \_constant: , line:3:20, endln:3:21
      |vpiParent:
      \_range: , line:3:17, endln:3:22
      |vpiDecompile:0
      |vpiSize:64
      |UINT:0
      |vpiConstType:9
\_logic_typespec: , line:4:12, endln:4:23
  |vpiRange:
  \_range: , line:4:18, endln:4:23
    |vpiParent:
    \_logic_typespec: , line:4:12, endln:4:23
    |vpiLeftRange:
    \_constant: , line:4:19, endln:4:20
      |vpiParent:
      \_range: , line:4:18, endln:4:23
      |vpiDecompile:7
      |vpiSize:64
      |UINT:7
      |vpiConstType:9
    |vpiRightRange:
    \_constant: , line:4:21, endln:4:22
      |vpiParent:
      \_range: , line:4:18, endln:4:23
      |vpiDecompile:0
      |vpiSize:64
      |UINT:0
      |vpiConstType:9
\_logic_typespec: , line:5:12, endln:5:17
\_logic_typespec: , line:7:12, endln:7:31
  |vpiParent:
  \_logic_net: (work@adder.test), line:7:32, endln:7:36
  |vpiRange:
  \_range: , line:7:18, endln:7:24
    |vpiParent:
    \_logic_typespec: , line:7:12, endln:7:31
    |vpiLeftRange:
    \_constant: , line:7:19, endln:7:21
      |vpiParent:
      \_range: , line:7:18, endln:7:24
      |vpiDecompile:10
      |vpiSize:64
      |UINT:10
      |vpiConstType:9
    |vpiRightRange:
    \_constant: , line:7:22, endln:7:23
      |vpiParent:
      \_range: , line:7:18, endln:7:24
      |vpiDecompile:0
      |vpiSize:64
      |UINT:0
      |vpiConstType:9
  |vpiRange:
  \_range: , line:7:25, endln:7:31
    |vpiParent:
    \_logic_typespec: , line:7:12, endln:7:31
    |vpiLeftRange:
    \_constant: , line:7:26, endln:7:27
      |vpiParent:
      \_range: , line:7:25, endln:7:31
      |vpiDecompile:0
      |vpiSize:64
      |UINT:0
      |vpiConstType:9
    |vpiRightRange:
    \_constant: , line:7:28, endln:7:30
      |vpiParent:
      \_range: , line:7:25, endln:7:31
      |vpiDecompile:15
      |vpiSize:64
      |UINT:15
      |vpiConstType:9
\_logic_typespec: , line:9:5, endln:9:16
  |vpiParent:
  \_logic_var: (work@adder.full_sum), line:9:17, endln:9:25
  |vpiRange:
  \_range: , line:9:11, endln:9:16
    |vpiParent:
    \_logic_typespec: , line:9:5, endln:9:16
    |vpiLeftRange:
    \_constant: , line:9:12, endln:9:13
      |vpiParent:
      \_range: , line:9:11, endln:9:16
      |vpiDecompile:8
      |vpiSize:64
      |UINT:8
      |vpiConstType:9
    |vpiRightRange:
    \_constant: , line:9:14, endln:9:15
      |vpiParent:
      \_range: , line:9:11, endln:9:16
      |vpiDecompile:0
      |vpiSize:64
      |UINT:0
      |vpiConstType:9
\_module_inst: work@adder (work@adder), file:/home/daem/polito/cudalator/data/rtl/adder.sv, line:1:1, endln:18:18
  |vpiParent:
  \_design: (work@adder)
  |vpiFullName:work@adder
  |vpiDefName:work@adder
  |vpiNet:
  \_logic_net: (work@adder.a), line:2:23, endln:2:24
    |vpiParent:
    \_module_inst: work@adder (work@adder), file:/home/daem/polito/cudalator/data/rtl/adder.sv, line:1:1, endln:18:18
    |vpiName:a
    |vpiFullName:work@adder.a
    |vpiNetType:36
  |vpiNet:
  \_logic_net: (work@adder.b), line:3:23, endln:3:24
    |vpiParent:
    \_module_inst: work@adder (work@adder), file:/home/daem/polito/cudalator/data/rtl/adder.sv, line:1:1, endln:18:18
    |vpiName:b
    |vpiFullName:work@adder.b
    |vpiNetType:36
  |vpiNet:
  \_logic_net: (work@adder.c), line:4:24, endln:4:25
    |vpiParent:
    \_module_inst: work@adder (work@adder), file:/home/daem/polito/cudalator/data/rtl/adder.sv, line:1:1, endln:18:18
    |vpiName:c
    |vpiFullName:work@adder.c
    |vpiNetType:36
  |vpiNet:
  \_logic_net: (work@adder.cout), line:5:18, endln:5:22
    |vpiParent:
    \_module_inst: work@adder (work@adder), file:/home/daem/polito/cudalator/data/rtl/adder.sv, line:1:1, endln:18:18
    |vpiName:cout
    |vpiFullName:work@adder.cout
    |vpiNetType:36
  |vpiNet:
  \_logic_net: (work@adder.test), line:7:32, endln:7:36
    |vpiParent:
    \_module_inst: work@adder (work@adder), file:/home/daem/polito/cudalator/data/rtl/adder.sv, line:1:1, endln:18:18
    |vpiName:test
    |vpiFullName:work@adder.test
    |vpiNetType:36
  |vpiNet:
  \_logic_net: (work@adder.full_sum), line:9:17, endln:9:25
    |vpiParent:
    \_module_inst: work@adder (work@adder), file:/home/daem/polito/cudalator/data/rtl/adder.sv, line:1:1, endln:18:18
    |vpiTypespec:
    \_ref_typespec: (work@adder.full_sum)
      |vpiParent:
      \_logic_net: (work@adder.full_sum), line:9:17, endln:9:25
      |vpiFullName:work@adder.full_sum
      |vpiActual:
      \_logic_typespec: , line:9:5, endln:9:16
    |vpiName:full_sum
    |vpiFullName:work@adder.full_sum
    |vpiNetType:36
  |vpiPort:
  \_port: (a), line:2:23, endln:2:24
    |vpiParent:
    \_module_inst: work@adder (work@adder), file:/home/daem/polito/cudalator/data/rtl/adder.sv, line:1:1, endln:18:18
    |vpiName:a
    |vpiDirection:1
    |vpiLowConn:
    \_ref_obj: (work@adder.a.a), line:2:23, endln:2:24
      |vpiParent:
      \_port: (a), line:2:23, endln:2:24
      |vpiName:a
      |vpiFullName:work@adder.a.a
      |vpiActual:
      \_logic_net: (work@adder.a), line:2:23, endln:2:24
    |vpiTypedef:
    \_ref_typespec: (work@adder.a)
      |vpiParent:
      \_port: (a), line:2:23, endln:2:24
      |vpiFullName:work@adder.a
      |vpiActual:
      \_logic_typespec: , line:2:11, endln:2:22
  |vpiPort:
  \_port: (b), line:3:23, endln:3:24
    |vpiParent:
    \_module_inst: work@adder (work@adder), file:/home/daem/polito/cudalator/data/rtl/adder.sv, line:1:1, endln:18:18
    |vpiName:b
    |vpiDirection:1
    |vpiLowConn:
    \_ref_obj: (work@adder.b.b), line:3:23, endln:3:24
      |vpiParent:
      \_port: (b), line:3:23, endln:3:24
      |vpiName:b
      |vpiFullName:work@adder.b.b
      |vpiActual:
      \_logic_net: (work@adder.b), line:3:23, endln:3:24
    |vpiTypedef:
    \_ref_typespec: (work@adder.b)
      |vpiParent:
      \_port: (b), line:3:23, endln:3:24
      |vpiFullName:work@adder.b
      |vpiActual:
      \_logic_typespec: , line:3:11, endln:3:22
  |vpiPort:
  \_port: (c), line:4:24, endln:4:25
    |vpiParent:
    \_module_inst: work@adder (work@adder), file:/home/daem/polito/cudalator/data/rtl/adder.sv, line:1:1, endln:18:18
    |vpiName:c
    |vpiDirection:2
    |vpiLowConn:
    \_ref_obj: (work@adder.c.c), line:4:24, endln:4:25
      |vpiParent:
      \_port: (c), line:4:24, endln:4:25
      |vpiName:c
      |vpiFullName:work@adder.c.c
      |vpiActual:
      \_logic_net: (work@adder.c), line:4:24, endln:4:25
    |vpiTypedef:
    \_ref_typespec: (work@adder.c)
      |vpiParent:
      \_port: (c), line:4:24, endln:4:25
      |vpiFullName:work@adder.c
      |vpiActual:
      \_logic_typespec: , line:4:12, endln:4:23
  |vpiPort:
  \_port: (cout), line:5:18, endln:5:22
    |vpiParent:
    \_module_inst: work@adder (work@adder), file:/home/daem/polito/cudalator/data/rtl/adder.sv, line:1:1, endln:18:18
    |vpiName:cout
    |vpiDirection:2
    |vpiLowConn:
    \_ref_obj: (work@adder.cout.cout), line:5:18, endln:5:22
      |vpiParent:
      \_port: (cout), line:5:18, endln:5:22
      |vpiName:cout
      |vpiFullName:work@adder.cout.cout
      |vpiActual:
      \_logic_net: (work@adder.cout), line:5:18, endln:5:22
    |vpiTypedef:
    \_ref_typespec: (work@adder.cout)
      |vpiParent:
      \_port: (cout), line:5:18, endln:5:22
      |vpiFullName:work@adder.cout
      |vpiActual:
      \_logic_typespec: , line:5:12, endln:5:17
  |vpiPort:
  \_port: (test), line:7:32, endln:7:36
    |vpiParent:
    \_module_inst: work@adder (work@adder), file:/home/daem/polito/cudalator/data/rtl/adder.sv, line:1:1, endln:18:18
    |vpiName:test
    |vpiDirection:2
    |vpiLowConn:
    \_ref_obj: (work@adder.test.test), line:7:32, endln:7:36
      |vpiParent:
      \_port: (test), line:7:32, endln:7:36
      |vpiName:test
      |vpiFullName:work@adder.test.test
      |vpiActual:
      \_logic_net: (work@adder.test), line:7:32, endln:7:36
    |vpiTypedef:
    \_ref_typespec: (work@adder.test)
      |vpiParent:
      \_port: (test), line:7:32, endln:7:36
      |vpiFullName:work@adder.test
      |vpiActual:
      \_logic_typespec: , line:7:12, endln:7:31
  |vpiProcess:
  \_always: , line:11:5, endln:13:8
    |vpiParent:
    \_module_inst: work@adder (work@adder), file:/home/daem/polito/cudalator/data/rtl/adder.sv, line:1:1, endln:18:18
    |vpiStmt:
    \_begin: (work@adder), line:11:17, endln:13:8
      |vpiParent:
      \_always: , line:11:5, endln:13:8
      |vpiFullName:work@adder
      |vpiStmt:
      \_assignment: , line:12:9, endln:12:25
        |vpiParent:
        \_begin: (work@adder), line:11:17, endln:13:8
        |vpiOpType:82
        |vpiBlocking:1
        |vpiRhs:
        \_operation: , line:12:20, endln:12:25
          |vpiParent:
          \_assignment: , line:12:9, endln:12:25
          |vpiOpType:24
          |vpiOperand:
          \_ref_obj: (work@adder.a), line:12:20, endln:12:21
            |vpiParent:
            \_operation: , line:12:20, endln:12:25
            |vpiName:a
            |vpiFullName:work@adder.a
            |vpiActual:
            \_logic_net: (work@adder.a), line:2:23, endln:2:24
          |vpiOperand:
          \_ref_obj: (work@adder.b), line:12:24, endln:12:25
            |vpiParent:
            \_operation: , line:12:20, endln:12:25
            |vpiName:b
            |vpiFullName:work@adder.b
            |vpiActual:
            \_logic_net: (work@adder.b), line:3:23, endln:3:24
        |vpiLhs:
        \_ref_obj: (work@adder.full_sum), line:12:9, endln:12:17
          |vpiParent:
          \_assignment: , line:12:9, endln:12:25
          |vpiName:full_sum
          |vpiFullName:work@adder.full_sum
          |vpiActual:
          \_logic_net: (work@adder.full_sum), line:9:17, endln:9:25
    |vpiAlwaysType:2
  |vpiContAssign:
  \_cont_assign: , line:15:12, endln:15:29
    |vpiParent:
    \_module_inst: work@adder (work@adder), file:/home/daem/polito/cudalator/data/rtl/adder.sv, line:1:1, endln:18:18
    |vpiRhs:
    \_part_select: full_sum (work@adder.full_sum), line:15:16, endln:15:29
      |vpiParent:
      \_cont_assign: , line:15:12, endln:15:29
      |vpiName:full_sum
      |vpiFullName:work@adder.full_sum
      |vpiDefName:full_sum
      |vpiConstantSelect:1
      |vpiLeftRange:
      \_constant: , line:15:25, endln:15:26
      |vpiRightRange:
      \_constant: , line:15:27, endln:15:28
    |vpiLhs:
    \_ref_obj: (work@adder.c), line:15:12, endln:15:13
      |vpiParent:
      \_cont_assign: , line:15:12, endln:15:29
      |vpiName:c
      |vpiFullName:work@adder.c
      |vpiActual:
      \_logic_net: (work@adder.c), line:4:24, endln:4:25
  |vpiContAssign:
  \_cont_assign: , line:16:12, endln:16:30
  |vpiEndLabel:adder
\_design: (work@adder)
  |vpiElaborated:1
  |vpiName:work@adder
  |uhdmallPackages:
  \_package: builtin (builtin::)
    |vpiParent:
    \_design: (work@adder)
    |vpiName:builtin
    |vpiFullName:builtin::
    |vpiDefName:builtin
  |uhdmtopPackages:
  \_package: builtin (builtin::)
    |vpiParent:
    \_design: (work@adder)
    |vpiName:builtin
    |vpiFullName:builtin::
    |vpiDefName:builtin
    |vpiTop:1
    |vpiClassDefn:
    \_class_defn: (builtin::any_sverilog_class)
      |vpiParent:
      \_package: builtin (builtin::)
      |vpiName:any_sverilog_class
      |vpiFullName:builtin::any_sverilog_class
    |vpiClassDefn:
    \_class_defn: (builtin::array)
      |vpiParent:
      \_package: builtin (builtin::)
      |vpiName:array
      |vpiFullName:builtin::array
    |vpiClassDefn:
    \_class_defn: (builtin::queue)
      |vpiParent:
      \_package: builtin (builtin::)
      |vpiName:queue
      |vpiFullName:builtin::queue
    |vpiClassDefn:
    \_class_defn: (builtin::string)
      |vpiParent:
      \_package: builtin (builtin::)
      |vpiName:string
      |vpiFullName:builtin::string
    |vpiClassDefn:
    \_class_defn: (builtin::system)
      |vpiParent:
      \_package: builtin (builtin::)
      |vpiName:system
      |vpiFullName:builtin::system
  |uhdmallClasses:
  \_class_defn: (work@mailbox), file:/home/daem/polito/cudalator/builtin.sv, line:1:3, endln:27:11
    |vpiParent:
    \_design: (work@adder)
    |vpiName:work@mailbox
    |vpiMethod:
    \_function: (work@mailbox::new), line:3:5, endln:4:16
      |vpiParent:
      \_class_defn: (work@mailbox), file:/home/daem/polito/cudalator/builtin.sv, line:1:3, endln:27:11
      |vpiName:new
      |vpiFullName:work@mailbox::new
      |vpiMethod:1
      |vpiReturn:
      \_class_var: (work@mailbox::new), line:3:23, endln:3:28
        |vpiParent:
        \_function: (work@mailbox::new), line:3:5, endln:4:16
        |vpiTypespec:
        \_ref_typespec: (work@mailbox::new)
          |vpiParent:
          \_class_var: (work@mailbox::new), line:3:23, endln:3:28
          |vpiFullName:work@mailbox::new
          |vpiActual:
          \_class_typespec: 
        |vpiFullName:work@mailbox::new
      |vpiIODecl:
      \_io_decl: (bound), line:3:23, endln:3:28
        |vpiParent:
        \_function: (work@mailbox::new), line:3:5, endln:4:16
        |vpiDirection:1
        |vpiName:bound
        |vpiExpr:
        \_constant: , line:3:31, endln:3:32
          |vpiDecompile:0
          |vpiSize:64
          |UINT:0
          |vpiConstType:9
        |vpiTypedef:
        \_ref_typespec: (work@mailbox::new::bound)
          |vpiParent:
          \_io_decl: (bound), line:3:23, endln:3:28
          |vpiFullName:work@mailbox::new::bound
          |vpiActual:
          \_int_typespec: , line:3:19, endln:3:22
    |vpiMethod:
    \_function: (work@mailbox::num), line:6:5, endln:7:16
      |vpiParent:
      \_class_defn: (work@mailbox), file:/home/daem/polito/cudalator/builtin.sv, line:1:3, endln:27:11
      |vpiName:num
      |vpiFullName:work@mailbox::num
      |vpiMethod:1
      |vpiVisibility:1
      |vpiReturn:
      \_int_var: (work@mailbox::num), line:6:14, endln:6:17
        |vpiParent:
        \_function: (work@mailbox::num), line:6:5, endln:7:16
        |vpiTypespec:
        \_ref_typespec: (work@mailbox::num)
          |vpiParent:
          \_int_var: (work@mailbox::num), line:6:14, endln:6:17
          |vpiFullName:work@mailbox::num
          |vpiActual:
          \_int_typespec: , line:6:14, endln:6:17
        |vpiFullName:work@mailbox::num
        |vpiSigned:1
    |vpiMethod:
    \_task: (work@mailbox::put), line:9:5, endln:10:12
      |vpiParent:
      \_class_defn: (work@mailbox), file:/home/daem/polito/cudalator/builtin.sv, line:1:3, endln:27:11
      |vpiName:put
      |vpiFullName:work@mailbox::put
      |vpiMethod:1
      |vpiVisibility:1
      |vpiIODecl:
      \_io_decl: (message), line:9:15, endln:9:22
        |vpiParent:
        \_task: (work@mailbox::put), line:9:5, endln:10:12
        |vpiDirection:1
        |vpiName:message
    |vpiMethod:
    \_function: (work@mailbox::try_put), line:12:5, endln:13:16
      |vpiParent:
      \_class_defn: (work@mailbox), file:/home/daem/polito/cudalator/builtin.sv, line:1:3, endln:27:11
      |vpiName:try_put
      |vpiFullName:work@mailbox::try_put
      |vpiMethod:1
      |vpiVisibility:1
      |vpiReturn:
      \_logic_var: (work@mailbox::try_put)
        |vpiParent:
        \_function: (work@mailbox::try_put), line:12:5, endln:13:16
        |vpiFullName:work@mailbox::try_put
      |vpiIODecl:
      \_io_decl: (message), line:12:23, endln:12:30
        |vpiParent:
        \_function: (work@mailbox::try_put), line:12:5, endln:13:16
        |vpiDirection:1
        |vpiName:message
    |vpiMethod:
    \_task: (work@mailbox::get), line:15:5, endln:16:12
      |vpiParent:
      \_class_defn: (work@mailbox), file:/home/daem/polito/cudalator/builtin.sv, line:1:3, endln:27:11
      |vpiName:get
      |vpiFullName:work@mailbox::get
      |vpiMethod:1
      |vpiVisibility:1
      |vpiIODecl:
      \_io_decl: (message), line:15:19, endln:15:26
        |vpiParent:
        \_task: (work@mailbox::get), line:15:5, endln:16:12
        |vpiDirection:6
        |vpiName:message
    |vpiMethod:
    \_function: (work@mailbox::try_get), line:18:5, endln:19:16
      |vpiParent:
      \_class_defn: (work@mailbox), file:/home/daem/polito/cudalator/builtin.sv, line:1:3, endln:27:11
      |vpiName:try_get
      |vpiFullName:work@mailbox::try_get
      |vpiMethod:1
      |vpiVisibility:1
      |vpiReturn:
      \_int_var: (work@mailbox::try_get), line:18:14, endln:18:17
        |vpiParent:
        \_function: (work@mailbox::try_get), line:18:5, endln:19:16
        |vpiTypespec:
        \_ref_typespec: (work@mailbox::try_get)
          |vpiParent:
          \_int_var: (work@mailbox::try_get), line:18:14, endln:18:17
          |vpiFullName:work@mailbox::try_get
          |vpiActual:
          \_int_typespec: , line:18:14, endln:18:17
        |vpiFullName:work@mailbox::try_get
        |vpiSigned:1
      |vpiIODecl:
      \_io_decl: (message), line:18:31, endln:18:38
        |vpiParent:
        \_function: (work@mailbox::try_get), line:18:5, endln:19:16
        |vpiDirection:6
        |vpiName:message
    |vpiMethod:
    \_task: (work@mailbox::peek), line:21:5, endln:22:12
      |vpiParent:
      \_class_defn: (work@mailbox), file:/home/daem/polito/cudalator/builtin.sv, line:1:3, endln:27:11
      |vpiName:peek
      |vpiFullName:work@mailbox::peek
      |vpiMethod:1
      |vpiVisibility:1
      |vpiIODecl:
      \_io_decl: (message), line:21:20, endln:21:27
        |vpiParent:
        \_task: (work@mailbox::peek), line:21:5, endln:22:12
        |vpiDirection:6
        |vpiName:message
    |vpiMethod:
    \_function: (work@mailbox::try_peek), line:24:5, endln:25:16
      |vpiParent:
      \_class_defn: (work@mailbox), file:/home/daem/polito/cudalator/builtin.sv, line:1:3, endln:27:11
      |vpiName:try_peek
      |vpiFullName:work@mailbox::try_peek
      |vpiMethod:1
      |vpiVisibility:1
      |vpiReturn:
      \_int_var: (work@mailbox::try_peek), line:24:14, endln:24:17
        |vpiParent:
        \_function: (work@mailbox::try_peek), line:24:5, endln:25:16
        |vpiTypespec:
        \_ref_typespec: (work@mailbox::try_peek)
          |vpiParent:
          \_int_var: (work@mailbox::try_peek), line:24:14, endln:24:17
          |vpiFullName:work@mailbox::try_peek
          |vpiActual:
          \_int_typespec: , line:24:14, endln:24:17
        |vpiFullName:work@mailbox::try_peek
        |vpiSigned:1
      |vpiIODecl:
      \_io_decl: (message), line:24:31, endln:24:38
        |vpiParent:
        \_function: (work@mailbox::try_peek), line:24:5, endln:25:16
        |vpiDirection:6
        |vpiName:message
  |uhdmallClasses:
  \_class_defn: (work@process), file:/home/daem/polito/cudalator/builtin.sv, line:30:3, endln:52:11
    |vpiParent:
    \_design: (work@adder)
    |vpiName:work@process
    |vpiTypedef:
    \_enum_typespec: (state), line:32:5, endln:32:74
      |vpiParent:
      \_class_defn: (work@process), file:/home/daem/polito/cudalator/builtin.sv, line:30:3, endln:52:11
      |vpiName:state
      |vpiEnumConst:
      \_enum_const: (FINISHED), line:32:20, endln:32:28
        |vpiParent:
        \_enum_typespec: (state), line:32:5, endln:32:74
        |vpiName:FINISHED
        |INT:0
        |vpiDecompile:0
        |vpiSize:64
      |vpiEnumConst:
      \_enum_const: (RUNNING), line:32:30, endln:32:37
        |vpiParent:
        \_enum_typespec: (state), line:32:5, endln:32:74
        |vpiName:RUNNING
        |INT:1
        |vpiDecompile:1
        |vpiSize:64
      |vpiEnumConst:
      \_enum_const: (WAITING), line:32:39, endln:32:46
        |vpiParent:
        \_enum_typespec: (state), line:32:5, endln:32:74
        |vpiName:WAITING
        |INT:2
        |vpiDecompile:2
        |vpiSize:64
      |vpiEnumConst:
      \_enum_const: (SUSPENDED), line:32:48, endln:32:57
        |vpiParent:
        \_enum_typespec: (state), line:32:5, endln:32:74
        |vpiName:SUSPENDED
        |INT:3
        |vpiDecompile:3
        |vpiSize:64
      |vpiEnumConst:
      \_enum_const: (KILLED), line:32:59, endln:32:65
        |vpiParent:
        \_enum_typespec: (state), line:32:5, endln:32:74
        |vpiName:KILLED
        |INT:4
        |vpiDecompile:4
        |vpiSize:64
    |vpiMethod:
    \_function: (work@process::self), line:34:5, endln:34:11
      |vpiParent:
      \_class_defn: (work@process), file:/home/daem/polito/cudalator/builtin.sv, line:30:3, endln:52:11
      |vpiName:self
      |vpiFullName:work@process::self
      |vpiMethod:1
      |vpiVisibility:1
      |vpiReturn:
      \_class_var: (work@process::self), line:34:21, endln:34:28
        |vpiParent:
        \_function: (work@process::self), line:34:5, endln:34:11
        |vpiTypespec:
        \_ref_typespec: (work@process::self)
          |vpiParent:
          \_class_var: (work@process::self), line:34:21, endln:34:28
          |vpiFullName:work@process::self
          |vpiActual:
          \_class_typespec: , line:34:21, endln:34:28
        |vpiFullName:work@process::self
    |vpiMethod:
    \_function: (work@process::status), line:37:5, endln:38:16
      |vpiParent:
      \_class_defn: (work@process), file:/home/daem/polito/cudalator/builtin.sv, line:30:3, endln:52:11
      |vpiName:status
      |vpiFullName:work@process::status
      |vpiMethod:1
      |vpiVisibility:1
      |vpiReturn:
      \_enum_var: (work@process::status), line:37:14, endln:37:19
        |vpiParent:
        \_function: (work@process::status), line:37:5, endln:38:16
        |vpiTypespec:
        \_ref_typespec: (work@process::status)
          |vpiParent:
          \_enum_var: (work@process::status), line:37:14, endln:37:19
          |vpiFullName:work@process::status
          |vpiActual:
          \_enum_typespec: (state), line:32:5, endln:32:74
        |vpiFullName:work@process::status
    |vpiMethod:
    \_task: (work@process::kill), line:40:5, endln:41:12
      |vpiParent:
      \_class_defn: (work@process), file:/home/daem/polito/cudalator/builtin.sv, line:30:3, endln:52:11
      |vpiName:kill
      |vpiFullName:work@process::kill
      |vpiMethod:1
      |vpiVisibility:1
    |vpiMethod:
    \_task: (work@process::await), line:43:5, endln:44:12
      |vpiParent:
      \_class_defn: (work@process), file:/home/daem/polito/cudalator/builtin.sv, line:30:3, endln:52:11
      |vpiName:await
      |vpiFullName:work@process::await
      |vpiMethod:1
      |vpiVisibility:1
    |vpiMethod:
    \_task: (work@process::suspend), line:46:5, endln:47:12
      |vpiParent:
      \_class_defn: (work@process), file:/home/daem/polito/cudalator/builtin.sv, line:30:3, endln:52:11
      |vpiName:suspend
      |vpiFullName:work@process::suspend
      |vpiMethod:1
      |vpiVisibility:1
    |vpiMethod:
    \_task: (work@process::resume), line:49:5, endln:50:12
      |vpiParent:
      \_class_defn: (work@process), file:/home/daem/polito/cudalator/builtin.sv, line:30:3, endln:52:11
      |vpiName:resume
      |vpiFullName:work@process::resume
      |vpiMethod:1
      |vpiVisibility:1
  |uhdmallClasses:
  \_class_defn: (work@semaphore), file:/home/daem/polito/cudalator/builtin.sv, line:55:3, endln:69:11
    |vpiParent:
    \_design: (work@adder)
    |vpiName:work@semaphore
    |vpiMethod:
    \_function: (work@semaphore::new), line:57:5, endln:58:16
      |vpiParent:
      \_class_defn: (work@semaphore), file:/home/daem/polito/cudalator/builtin.sv, line:55:3, endln:69:11
      |vpiName:new
      |vpiFullName:work@semaphore::new
      |vpiMethod:1
      |vpiReturn:
      \_class_var: (work@semaphore::new), line:57:22, endln:57:30
        |vpiParent:
        \_function: (work@semaphore::new), line:57:5, endln:58:16
        |vpiTypespec:
        \_ref_typespec: (work@semaphore::new)
          |vpiParent:
          \_class_var: (work@semaphore::new), line:57:22, endln:57:30
          |vpiFullName:work@semaphore::new
          |vpiActual:
          \_class_typespec: 
        |vpiFullName:work@semaphore::new
      |vpiIODecl:
      \_io_decl: (keyCount), line:57:22, endln:57:30
        |vpiParent:
        \_function: (work@semaphore::new), line:57:5, endln:58:16
        |vpiDirection:1
        |vpiName:keyCount
        |vpiExpr:
        \_constant: , line:57:33, endln:57:34
          |vpiDecompile:0
          |vpiSize:64
          |UINT:0
          |vpiConstType:9
        |vpiTypedef:
        \_ref_typespec: (work@semaphore::new::keyCount)
          |vpiParent:
          \_io_decl: (keyCount), line:57:22, endln:57:30
          |vpiFullName:work@semaphore::new::keyCount
          |vpiActual:
          \_int_typespec: , line:57:18, endln:57:21
    |vpiMethod:
    \_task: (work@semaphore::put), line:60:5, endln:61:12
      |vpiParent:
      \_class_defn: (work@semaphore), file:/home/daem/polito/cudalator/builtin.sv, line:55:3, endln:69:11
      |vpiName:put
      |vpiFullName:work@semaphore::put
      |vpiMethod:1
      |vpiVisibility:1
      |vpiIODecl:
      \_io_decl: (keyCount), line:60:18, endln:60:26
        |vpiParent:
        \_task: (work@semaphore::put), line:60:5, endln:61:12
        |vpiDirection:1
        |vpiName:keyCount
        |vpiExpr:
        \_constant: , line:60:29, endln:60:30
          |vpiDecompile:1
          |vpiSize:64
          |UINT:1
          |vpiConstType:9
        |vpiTypedef:
        \_ref_typespec: (work@semaphore::put::keyCount)
          |vpiParent:
          \_io_decl: (keyCount), line:60:18, endln:60:26
          |vpiFullName:work@semaphore::put::keyCount
          |vpiActual:
          \_int_typespec: , line:60:14, endln:60:17
    |vpiMethod:
    \_task: (work@semaphore::get), line:63:5, endln:64:12
      |vpiParent:
      \_class_defn: (work@semaphore), file:/home/daem/polito/cudalator/builtin.sv, line:55:3, endln:69:11
      |vpiName:get
      |vpiFullName:work@semaphore::get
      |vpiMethod:1
      |vpiVisibility:1
      |vpiIODecl:
      \_io_decl: (keyCount), line:63:18, endln:63:26
        |vpiParent:
        \_task: (work@semaphore::get), line:63:5, endln:64:12
        |vpiDirection:1
        |vpiName:keyCount
        |vpiExpr:
        \_constant: , line:63:29, endln:63:30
          |vpiDecompile:1
          |vpiSize:64
          |UINT:1
          |vpiConstType:9
        |vpiTypedef:
        \_ref_typespec: (work@semaphore::get::keyCount)
          |vpiParent:
          \_io_decl: (keyCount), line:63:18, endln:63:26
          |vpiFullName:work@semaphore::get::keyCount
          |vpiActual:
          \_int_typespec: , line:63:14, endln:63:17
    |vpiMethod:
    \_function: (work@semaphore::try_get), line:66:5, endln:67:16
      |vpiParent:
      \_class_defn: (work@semaphore), file:/home/daem/polito/cudalator/builtin.sv, line:55:3, endln:69:11
      |vpiName:try_get
      |vpiFullName:work@semaphore::try_get
      |vpiMethod:1
      |vpiVisibility:1
      |vpiReturn:
      \_int_var: (work@semaphore::try_get), line:66:14, endln:66:17
        |vpiParent:
        \_function: (work@semaphore::try_get), line:66:5, endln:67:16
        |vpiTypespec:
        \_ref_typespec: (work@semaphore::try_get)
          |vpiParent:
          \_int_var: (work@semaphore::try_get), line:66:14, endln:66:17
          |vpiFullName:work@semaphore::try_get
          |vpiActual:
          \_int_typespec: , line:66:14, endln:66:17
        |vpiFullName:work@semaphore::try_get
        |vpiSigned:1
      |vpiIODecl:
      \_io_decl: (keyCount), line:66:30, endln:66:38
        |vpiParent:
        \_function: (work@semaphore::try_get), line:66:5, endln:67:16
        |vpiDirection:1
        |vpiName:keyCount
        |vpiExpr:
        \_constant: , line:66:41, endln:66:42
          |vpiDecompile:1
          |vpiSize:64
          |UINT:1
          |vpiConstType:9
        |vpiTypedef:
        \_ref_typespec: (work@semaphore::try_get::keyCount)
          |vpiParent:
          \_io_decl: (keyCount), line:66:30, endln:66:38
          |vpiFullName:work@semaphore::try_get::keyCount
          |vpiActual:
          \_int_typespec: , line:66:26, endln:66:29
  |uhdmallModules:
  \_module_inst: work@adder (work@adder), file:/home/daem/polito/cudalator/data/rtl/adder.sv, line:1:1, endln:18:18
  |uhdmtopModules:
  \_module_inst: work@adder (work@adder), file:/home/daem/polito/cudalator/data/rtl/adder.sv, line:1:1, endln:18:18
\_function: (work@mailbox::new), line:3:5, endln:4:16
  |vpiParent:
  \_class_defn: (work@mailbox), file:/home/daem/polito/cudalator/builtin.sv, line:1:3, endln:27:11
  |vpiName:new
  |vpiFullName:work@mailbox::new
  |vpiMethod:1
  |vpiReturn:
  \_class_var: (work@mailbox::new), line:3:23, endln:3:28
  |vpiIODecl:
  \_io_decl: (bound), line:3:23, endln:3:28
    |vpiParent:
    \_function: (work@mailbox::new), line:3:5, endln:4:16
    |vpiDirection:1
    |vpiName:bound
    |vpiExpr:
    \_constant: , line:3:31, endln:3:32
    |vpiTypedef:
    \_ref_typespec: (work@mailbox::new::bound)
      |vpiParent:
      \_io_decl: (bound), line:3:23, endln:3:28
      |vpiFullName:work@mailbox::new::bound
      |vpiActual:
      \_int_typespec: , line:3:19, endln:3:22
\_class_typespec: 
  |vpiClassDefn:
  \_class_defn: (work@mailbox), file:/home/daem/polito/cudalator/builtin.sv, line:1:3, endln:27:11
\_int_typespec: , line:3:19, endln:3:22
  |vpiSigned:1
\_function: (work@mailbox::num), line:6:5, endln:7:16
  |vpiParent:
  \_class_defn: (work@mailbox), file:/home/daem/polito/cudalator/builtin.sv, line:1:3, endln:27:11
  |vpiName:num
  |vpiFullName:work@mailbox::num
  |vpiMethod:1
  |vpiVisibility:1
  |vpiReturn:
  \_int_var: (work@mailbox::num), line:6:14, endln:6:17
\_int_typespec: , line:6:14, endln:6:17
  |vpiSigned:1
\_function: (work@mailbox::try_put), line:12:5, endln:13:16
  |vpiParent:
  \_class_defn: (work@mailbox), file:/home/daem/polito/cudalator/builtin.sv, line:1:3, endln:27:11
  |vpiName:try_put
  |vpiFullName:work@mailbox::try_put
  |vpiMethod:1
  |vpiVisibility:1
  |vpiReturn:
  \_logic_var: (work@mailbox::try_put)
  |vpiIODecl:
  \_io_decl: (message), line:12:23, endln:12:30
    |vpiParent:
    \_function: (work@mailbox::try_put), line:12:5, endln:13:16
    |vpiDirection:1
    |vpiName:message
\_function: (work@mailbox::try_get), line:18:5, endln:19:16
  |vpiParent:
  \_class_defn: (work@mailbox), file:/home/daem/polito/cudalator/builtin.sv, line:1:3, endln:27:11
  |vpiName:try_get
  |vpiFullName:work@mailbox::try_get
  |vpiMethod:1
  |vpiVisibility:1
  |vpiReturn:
  \_int_var: (work@mailbox::try_get), line:18:14, endln:18:17
  |vpiIODecl:
  \_io_decl: (message), line:18:31, endln:18:38
    |vpiParent:
    \_function: (work@mailbox::try_get), line:18:5, endln:19:16
    |vpiDirection:6
    |vpiName:message
\_int_typespec: , line:18:14, endln:18:17
  |vpiSigned:1
\_function: (work@mailbox::try_peek), line:24:5, endln:25:16
  |vpiParent:
  \_class_defn: (work@mailbox), file:/home/daem/polito/cudalator/builtin.sv, line:1:3, endln:27:11
  |vpiName:try_peek
  |vpiFullName:work@mailbox::try_peek
  |vpiMethod:1
  |vpiVisibility:1
  |vpiReturn:
  \_int_var: (work@mailbox::try_peek), line:24:14, endln:24:17
  |vpiIODecl:
  \_io_decl: (message), line:24:31, endln:24:38
    |vpiParent:
    \_function: (work@mailbox::try_peek), line:24:5, endln:25:16
    |vpiDirection:6
    |vpiName:message
\_int_typespec: , line:24:14, endln:24:17
  |vpiSigned:1
\_enum_typespec: (state), line:32:5, endln:32:74
  |vpiParent:
  \_class_defn: (work@process), file:/home/daem/polito/cudalator/builtin.sv, line:30:3, endln:52:11
  |vpiName:state
  |vpiEnumConst:
  \_enum_const: (FINISHED), line:32:20, endln:32:28
    |vpiParent:
    \_enum_typespec: (state), line:32:5, endln:32:74
    |vpiName:FINISHED
    |INT:0
    |vpiDecompile:0
    |vpiSize:64
  |vpiEnumConst:
  \_enum_const: (RUNNING), line:32:30, endln:32:37
    |vpiParent:
    \_enum_typespec: (state), line:32:5, endln:32:74
    |vpiName:RUNNING
    |INT:1
    |vpiDecompile:1
    |vpiSize:64
  |vpiEnumConst:
  \_enum_const: (WAITING), line:32:39, endln:32:46
    |vpiParent:
    \_enum_typespec: (state), line:32:5, endln:32:74
    |vpiName:WAITING
    |INT:2
    |vpiDecompile:2
    |vpiSize:64
  |vpiEnumConst:
  \_enum_const: (SUSPENDED), line:32:48, endln:32:57
    |vpiParent:
    \_enum_typespec: (state), line:32:5, endln:32:74
    |vpiName:SUSPENDED
    |INT:3
    |vpiDecompile:3
    |vpiSize:64
  |vpiEnumConst:
  \_enum_const: (KILLED), line:32:59, endln:32:65
    |vpiParent:
    \_enum_typespec: (state), line:32:5, endln:32:74
    |vpiName:KILLED
    |INT:4
    |vpiDecompile:4
    |vpiSize:64
\_function: (work@process::self), line:34:5, endln:34:11
  |vpiParent:
  \_class_defn: (work@process), file:/home/daem/polito/cudalator/builtin.sv, line:30:3, endln:52:11
  |vpiName:self
  |vpiFullName:work@process::self
  |vpiMethod:1
  |vpiVisibility:1
  |vpiReturn:
  \_class_var: (work@process::self), line:34:21, endln:34:28
\_class_typespec: , line:34:21, endln:34:28
  |vpiClassDefn:
  \_class_defn: (work@process), file:/home/daem/polito/cudalator/builtin.sv, line:30:3, endln:52:11
\_function: (work@process::status), line:37:5, endln:38:16
  |vpiParent:
  \_class_defn: (work@process), file:/home/daem/polito/cudalator/builtin.sv, line:30:3, endln:52:11
  |vpiName:status
  |vpiFullName:work@process::status
  |vpiMethod:1
  |vpiVisibility:1
  |vpiReturn:
  \_enum_var: (work@process::status), line:37:14, endln:37:19
\_function: (work@semaphore::new), line:57:5, endln:58:16
  |vpiParent:
  \_class_defn: (work@semaphore), file:/home/daem/polito/cudalator/builtin.sv, line:55:3, endln:69:11
  |vpiName:new
  |vpiFullName:work@semaphore::new
  |vpiMethod:1
  |vpiReturn:
  \_class_var: (work@semaphore::new), line:57:22, endln:57:30
  |vpiIODecl:
  \_io_decl: (keyCount), line:57:22, endln:57:30
    |vpiParent:
    \_function: (work@semaphore::new), line:57:5, endln:58:16
    |vpiDirection:1
    |vpiName:keyCount
    |vpiExpr:
    \_constant: , line:57:33, endln:57:34
    |vpiTypedef:
    \_ref_typespec: (work@semaphore::new::keyCount)
      |vpiParent:
      \_io_decl: (keyCount), line:57:22, endln:57:30
      |vpiFullName:work@semaphore::new::keyCount
      |vpiActual:
      \_int_typespec: , line:57:18, endln:57:21
\_class_typespec: 
  |vpiClassDefn:
  \_class_defn: (work@semaphore), file:/home/daem/polito/cudalator/builtin.sv, line:55:3, endln:69:11
\_int_typespec: , line:57:18, endln:57:21
  |vpiSigned:1
\_int_typespec: , line:60:14, endln:60:17
  |vpiSigned:1
\_int_typespec: , line:63:14, endln:63:17
  |vpiSigned:1
\_function: (work@semaphore::try_get), line:66:5, endln:67:16
  |vpiParent:
  \_class_defn: (work@semaphore), file:/home/daem/polito/cudalator/builtin.sv, line:55:3, endln:69:11
  |vpiName:try_get
  |vpiFullName:work@semaphore::try_get
  |vpiMethod:1
  |vpiVisibility:1
  |vpiReturn:
  \_int_var: (work@semaphore::try_get), line:66:14, endln:66:17
  |vpiIODecl:
  \_io_decl: (keyCount), line:66:30, endln:66:38
    |vpiParent:
    \_function: (work@semaphore::try_get), line:66:5, endln:67:16
    |vpiDirection:1
    |vpiName:keyCount
    |vpiExpr:
    \_constant: , line:66:41, endln:66:42
    |vpiTypedef:
    \_ref_typespec: (work@semaphore::try_get::keyCount)
      |vpiParent:
      \_io_decl: (keyCount), line:66:30, endln:66:38
      |vpiFullName:work@semaphore::try_get::keyCount
      |vpiActual:
      \_int_typespec: , line:66:26, endln:66:29
\_int_typespec: , line:66:14, endln:66:17
  |vpiSigned:1
\_int_typespec: , line:66:26, endln:66:29
  |vpiSigned:1
\_logic_typespec: , line:2:11, endln:2:22
  |vpiRange:
  \_range: , line:2:17, endln:2:22
    |vpiParent:
    \_logic_typespec: , line:2:11, endln:2:22
    |vpiLeftRange:
    \_constant: , line:2:18, endln:2:19
      |vpiParent:
      \_range: , line:2:17, endln:2:22
      |vpiDecompile:7
      |vpiSize:64
      |UINT:7
      |vpiConstType:9
    |vpiRightRange:
    \_constant: , line:2:20, endln:2:21
      |vpiParent:
      \_range: , line:2:17, endln:2:22
      |vpiDecompile:0
      |vpiSize:64
      |UINT:0
      |vpiConstType:9
\_logic_typespec: , line:3:11, endln:3:22
  |vpiRange:
  \_range: , line:3:17, endln:3:22
    |vpiParent:
    \_logic_typespec: , line:3:11, endln:3:22
    |vpiLeftRange:
    \_constant: , line:3:18, endln:3:19
      |vpiParent:
      \_range: , line:3:17, endln:3:22
      |vpiDecompile:7
      |vpiSize:64
      |UINT:7
      |vpiConstType:9
    |vpiRightRange:
    \_constant: , line:3:20, endln:3:21
      |vpiParent:
      \_range: , line:3:17, endln:3:22
      |vpiDecompile:0
      |vpiSize:64
      |UINT:0
      |vpiConstType:9
\_logic_typespec: , line:4:12, endln:4:23
  |vpiRange:
  \_range: , line:4:18, endln:4:23
    |vpiParent:
    \_logic_typespec: , line:4:12, endln:4:23
    |vpiLeftRange:
    \_constant: , line:4:19, endln:4:20
      |vpiParent:
      \_range: , line:4:18, endln:4:23
      |vpiDecompile:7
      |vpiSize:64
      |UINT:7
      |vpiConstType:9
    |vpiRightRange:
    \_constant: , line:4:21, endln:4:22
      |vpiParent:
      \_range: , line:4:18, endln:4:23
      |vpiDecompile:0
      |vpiSize:64
      |UINT:0
      |vpiConstType:9
\_logic_typespec: , line:5:12, endln:5:17
\_logic_typespec: , line:7:12, endln:7:31
  |vpiRange:
  \_range: , line:7:18, endln:7:24
    |vpiParent:
    \_logic_typespec: , line:7:12, endln:7:31
    |vpiLeftRange:
    \_constant: , line:7:19, endln:7:21
      |vpiParent:
      \_range: , line:7:18, endln:7:24
      |vpiDecompile:10
      |vpiSize:64
      |UINT:10
      |vpiConstType:9
    |vpiRightRange:
    \_constant: , line:7:22, endln:7:23
      |vpiParent:
      \_range: , line:7:18, endln:7:24
      |vpiDecompile:0
      |vpiSize:64
      |UINT:0
      |vpiConstType:9
  |vpiRange:
  \_range: , line:7:25, endln:7:31
    |vpiParent:
    \_logic_typespec: , line:7:12, endln:7:31
    |vpiLeftRange:
    \_constant: , line:7:26, endln:7:27
      |vpiParent:
      \_range: , line:7:25, endln:7:31
      |vpiDecompile:0
      |vpiSize:64
      |UINT:0
      |vpiConstType:9
    |vpiRightRange:
    \_constant: , line:7:28, endln:7:30
      |vpiParent:
      \_range: , line:7:25, endln:7:31
      |vpiDecompile:15
      |vpiSize:64
      |UINT:15
      |vpiConstType:9
\_logic_typespec: , line:9:5, endln:9:16
  |vpiRange:
  \_range: , line:9:11, endln:9:16
    |vpiParent:
    \_logic_typespec: , line:9:5, endln:9:16
    |vpiLeftRange:
    \_constant: , line:9:12, endln:9:13
      |vpiParent:
      \_range: , line:9:11, endln:9:16
      |vpiDecompile:8
      |vpiSize:64
      |UINT:8
      |vpiConstType:9
    |vpiRightRange:
    \_constant: , line:9:14, endln:9:15
      |vpiParent:
      \_range: , line:9:11, endln:9:16
      |vpiDecompile:0
      |vpiSize:64
      |UINT:0
      |vpiConstType:9
[debug] Starting the parser
[debug] Parsing design work@adder
[debug] Parsing Module work@adder
[debug] Parsing Port a
[debug] Logic Net Found!
[debug] Type: "36", Name: "a"
[debug] Parsing Port b
[debug] Logic Net Found!
[debug] Type: "36", Name: "b"
[debug] Parsing Port c
[debug] Logic Net Found!
[debug] Type: "36", Name: "c"
[debug] Parsing Port cout
[debug] Logic Net Found!
[debug] Type: "36", Name: "cout"
[debug] Parsing Port test
[debug] Logic Net Found!
[debug] Type: "36", Name: "test"
[debug] Parser Done
